C51 COMPILER V6.14  LED                                                                    10/18/2005 17:36:48 PAGE 1   


C51 COMPILER V6.14, COMPILATION OF MODULE LED
OBJECT MODULE PLACED IN .\LED.OBJ
COMPILER INVOKED BY: C:\Keil\C51\BIN\C51.EXE .\LED.C LARGE DEBUG OBJECTEXTEND

stmt level    source

   1          #include <regc515c.h>
   2          #include "LED.h" 
   3          
   4          // P4_6 = CAN TX, P4_7 = CAN RX
   5          void Init_LED()
   6          {
   7   1      	P4_0 = 1;
   8   1      	P4_1 = 1;
   9   1      	P4_2 = 1;
  10   1      	P4_3 = 1;
  11   1      	P4_4 = 1;
  12   1      	P4_5 = 1;
  13   1      }
  14          


MODULE INFORMATION:   STATIC OVERLAYABLE
   CODE SIZE        =     13    ----
   CONSTANT SIZE    =   ----    ----
   XDATA SIZE       =   ----    ----
   PDATA SIZE       =   ----    ----
   DATA SIZE        =   ----    ----
   IDATA SIZE       =   ----    ----
   BIT SIZE         =   ----    ----
END OF MODULE INFORMATION.


C51 COMPILATION COMPLETE.  0 WARNING(S),  0 ERROR(S)
