C51 COMPILER V6.14  TIMER                                                                  11/26/2005 20:58:56 PAGE 1   


C51 COMPILER V6.14, COMPILATION OF MODULE TIMER
OBJECT MODULE PLACED IN .\TIMER.OBJ
COMPILER INVOKED BY: C:\Keil\C51\BIN\C51.EXE .\TIMER.C LARGE REGFILE(.\can.ORC) DEBUG OBJECTEXTEND LISTINCLUDE SYMBOLS

stmt level    source

   1          #include "AT89C51XD2.h"     /* special function register declarations for 89C51XD2 */
   1      =1  /*H***************************************************************************
   2      =1  * NAME: AT89C51XD2.h           
   3      =1  *----------------------------------------------------------------------------
   4      =1  * PURPOSE: SFR Description file for AT89C51xD2 products 
   5      =1  * 				ON KEIL compiler
   6      =1  *****************************************************************************/
   7      =1  
   8      =1  #define Sfr(x, y)	  	sfr x = y
   9      =1  #define Sbit(x, y, z)   sbit x = y^z
  10      =1  #define Sfr16(x,y)	    sfr16 x = y
  11      =1  
  12      =1  /*----------------------------------------*/
  13      =1  /* Include file for 8051 SFR Definitions  */
  14      =1  /*----------------------------------------*/
  15      =1  
  16      =1  /*  BYTE Register  */
  17      =1  Sfr (P0 , 0x80);        
  18      =1  
  19      =1  Sbit (P0_7 , 0x80, 7);
  20      =1  Sbit (P0_6 , 0x80, 6);
  21      =1  Sbit (P0_5 , 0x80, 5);
  22      =1  Sbit (P0_4 , 0x80, 4);
  23      =1  Sbit (P0_3 , 0x80, 3);
  24      =1  Sbit (P0_2 , 0x80, 2);
  25      =1  Sbit (P0_1 , 0x80, 1);
  26      =1  Sbit (P0_0 , 0x80, 0);
  27      =1  
  28      =1  Sfr (P1 , 0x90);        
  29      =1  
  30      =1  Sbit (P1_7 , 0x90, 7);
  31      =1  Sbit (P1_6 , 0x90, 6);
  32      =1  Sbit (P1_5 , 0x90, 5);
  33      =1  Sbit (P1_4 , 0x90, 4);
  34      =1  Sbit (P1_3 , 0x90, 3);
  35      =1  Sbit (P1_2 , 0x90, 2);
  36      =1  Sbit (P1_1 , 0x90, 1);
  37      =1  Sbit (P1_0 , 0x90, 0);
  38      =1  
  39      =1  
  40      =1  
  41      =1  Sfr (P2 , 0xA0); 
  42      =1  Sbit (P2_7 , 0xA0, 7);
  43      =1  Sbit (P2_6 , 0xA0, 6);
  44      =1  Sbit (P2_5 , 0xA0, 5);
  45      =1  Sbit (P2_4 , 0xA0, 4);
  46      =1  Sbit (P2_3 , 0xA0, 3);
  47      =1  Sbit (P2_2 , 0xA0, 2);
  48      =1  Sbit (P2_1 , 0xA0, 1);
  49      =1  Sbit (P2_0 , 0xA0, 0);
  50      =1  
  51      =1         
  52      =1  Sfr (P3 , 0xB0);        
  53      =1  
  54      =1  Sbit (P3_7 , 0xB0, 7);
C51 COMPILER V6.14  TIMER                                                                  11/26/2005 20:58:56 PAGE 2   

  55      =1  Sbit (P3_6 , 0xB0, 6);
  56      =1  Sbit (P3_5 , 0xB0, 5);
  57      =1  Sbit (P3_4 , 0xB0, 4);
  58      =1  Sbit (P3_3 , 0xB0, 3);
  59      =1  Sbit (P3_2 , 0xB0, 2);
  60      =1  Sbit (P3_1 , 0xB0, 1);
  61      =1  Sbit (P3_0 , 0xB0, 0);
  62      =1  
  63      =1  Sbit (RD , 0xB0, 7);
  64      =1  Sbit (WR , 0xB0, 6);
  65      =1  Sbit (T1 , 0xB0, 5);
  66      =1  Sbit (T0 , 0xB0, 4);
  67      =1  Sbit (INT1 , 0xB0, 3);
  68      =1  Sbit (INT0 , 0xB0, 2);
  69      =1  Sbit (TXD , 0xB0, 1);
  70      =1  Sbit (RXD , 0xB0, 0);
  71      =1  
  72      =1  Sfr (P4 , 0xC0);        
  73      =1  Sbit (P4_7 , 0xC0, 7);
  74      =1  Sbit (P4_6 , 0xC0, 6);
  75      =1  Sbit (P4_5 , 0xC0, 5);
  76      =1  Sbit (P4_4 , 0xC0, 4);
  77      =1  Sbit (P4_3 , 0xC0, 3);
  78      =1  Sbit (P4_2 , 0xC0, 2);
  79      =1  Sbit (P4_1 , 0xC0, 1);
  80      =1  Sbit (P4_0 , 0xC0, 0);
  81      =1  
  82      =1  Sfr (P5 , 0xE8);        
  83      =1  Sbit (P5_7 , 0xE8, 7);
  84      =1  Sbit (P5_6 , 0xE8, 6);
  85      =1  Sbit (P5_5 , 0xE8, 5);
  86      =1  Sbit (P5_4 , 0xE8, 4);
  87      =1  Sbit (P5_3 , 0xE8, 3);
  88      =1  Sbit (P5_2 , 0xE8, 2);
  89      =1  Sbit (P5_1 , 0xE8, 1);
  90      =1  Sbit (P5_0 , 0xE8, 0);
  91      =1  
  92      =1      
  93      =1  Sfr (PSW , 0xD0);       
  94      =1  
  95      =1  Sbit (CY  , 0xD0  , 7);
  96      =1  Sbit (AC  , 0xD0  , 6);
  97      =1  Sbit (F0  , 0xD0  , 5);
  98      =1  Sbit (RS1 , 0xD0  , 4);
  99      =1  Sbit (RS0 , 0xD0  , 3);
 100      =1  Sbit (OV  , 0xD0  , 2);
 101      =1  Sbit (UD  , 0xD0  , 1);
 102      =1  Sbit (P   , 0xD0  , 0);
 103      =1  
 104      =1  Sfr (ACC , 0xE0);       
 105      =1  Sfr (B , 0xF0); 
 106      =1  Sfr (SP , 0x81);        
 107      =1  Sfr (DPL , 0x82);       
 108      =1  Sfr (DPH , 0x83);       
 109      =1  
 110      =1  Sfr (PCON , 0x87);      
 111      =1  Sfr (CKCON0 , 0x8F);     
 112      =1  Sfr (CKCON1 , 0xAF);
 113      =1  
 114      =1  /*------------------ TIMERS registers ---------------------*/
 115      =1  Sfr (TCON , 0x88);
 116      =1  Sbit (TF1 , 0x88, 7);
C51 COMPILER V6.14  TIMER                                                                  11/26/2005 20:58:56 PAGE 3   

 117      =1  Sbit (TR1 , 0x88, 6);
 118      =1  Sbit (TF0 , 0x88, 5);
 119      =1  Sbit (TR0 , 0x88, 4);
 120      =1  Sbit (IE1 , 0x88, 3);
 121      =1  Sbit (IT1 , 0x88, 2);
 122      =1  Sbit (IE0 , 0x88, 1);
 123      =1  Sbit (IT0 , 0x88, 0);
 124      =1          
 125      =1  Sfr (TMOD , 0x89);      
 126      =1  
 127      =1  Sfr  (T2CON , 0xC8);
 128      =1  Sbit (TF2   , 0xC8, 7);
 129      =1  Sbit (EXF2  , 0xC8, 6);
 130      =1  Sbit (RCLK  , 0xC8, 5);
 131      =1  Sbit (TCLK  , 0xC8, 4);
 132      =1  Sbit (EXEN2 , 0xC8, 3);
 133      =1  Sbit (TR2   , 0xC8, 2);
 134      =1  Sbit (C_T2  , 0xC8, 1);
 135      =1  Sbit (CP_RL2, 0xC8, 0);
 136      =1          
 137      =1  Sfr (T2MOD , 0xC9);     
 138      =1  Sfr (TL0 , 0x8A);       
 139      =1  Sfr (TL1 , 0x8B);       
 140      =1  Sfr (TL2 , 0xCC);       
 141      =1  Sfr (TH0 , 0x8C);       
 142      =1  Sfr (TH1 , 0x8D);       
 143      =1  Sfr (TH2 , 0xCD);       
 144      =1  Sfr (RCAP2L , 0xCA);    
 145      =1  Sfr (RCAP2H , 0xCB);    
 146      =1  Sfr (WDTRST , 0xA6);    
 147      =1  Sfr (WDTPRG , 0xA7);    
 148      =1  
 149      =1  
 150      =1  /*------------------- UART registers ------------------------*/
 151      =1  Sfr (SCON , 0x98);      
 152      =1  Sbit (SM0  , 0x98, 7);
 153      =1  Sbit (FE   , 0x98, 7);
 154      =1  Sbit (SM1  , 0x98, 6);
 155      =1  Sbit (SM2  , 0x98, 5);
 156      =1  Sbit (REN  , 0x98, 4);
 157      =1  Sbit (TB8  , 0x98, 3);
 158      =1  Sbit (RB8  , 0x98, 2);
 159      =1  Sbit (TI   , 0x98, 1);
 160      =1  Sbit (RI   , 0x98, 0);
 161      =1  
 162      =1  Sfr (SBUF , 0x99);      
 163      =1  Sfr (SADEN , 0xB9);     
 164      =1  Sfr (SADDR , 0xA9);     
 165      =1  
 166      =1  /*-------------------- Internal Baud Rate Generator --------*/
 167      =1  Sfr (BRL  	, 0x9A);      
 168      =1  Sfr (BDRCON , 0x9B);      
 169      =1  
 170      =1  
 171      =1  
 172      =1  /*-------------------- IT registers -----------------------*/
 173      =1     
 174      =1  Sfr (IEN1  , 0xB1);      
 175      =1  Sfr (IPH0 , 0xB7);      
 176      =1  Sfr (IPH1 , 0xB3);      
 177      =1  Sfr (IPL0 , 0xB8);      
 178      =1  Sfr (IPL1 , 0xB2);      
C51 COMPILER V6.14  TIMER                                                                  11/26/2005 20:58:56 PAGE 4   

 179      =1  
 180      =1  
 181      =1  
 182      =1  /*  IEN0  */
 183      =1  Sfr (IE    , 0xA8);   
 184      =1  Sbit (EA   , 0xA8, 7);
 185      =1  Sbit (EC   , 0xA8, 6);
 186      =1  Sbit (ET2  , 0xA8, 5);
 187      =1  Sbit (ES   , 0xA8, 4);
 188      =1  Sbit (ET1  , 0xA8, 3);
 189      =1  Sbit (EX1  , 0xA8, 2);
 190      =1  Sbit (ET0  , 0xA8, 1);
 191      =1  Sbit (EX0  , 0xA8, 0);
 192      =1  
 193      =1  
 194      =1  /*--------------------- PCA registers -----------------------------*/
 195      =1  Sfr (CCON , 0xD8);      
 196      =1  Sfr (CMOD , 0xD9);      
 197      =1  Sfr (CH , 0xF9);        
 198      =1  Sfr (CL , 0xE9);        
 199      =1  Sfr (CCAP0H  , 0xFA);   
 200      =1  Sfr (CCAP0L  , 0xEA);   
 201      =1  Sfr (CCAPM0  , 0xDA);   
 202      =1  Sfr (CCAP1H  , 0xFB);   
 203      =1  Sfr (CCAP1L  , 0xEB);   
 204      =1  Sfr (CCAPM1  , 0xDB);   
 205      =1  Sfr (CCAP2H  , 0xFC);   
 206      =1  Sfr (CCAP2L  , 0xEC);   
 207      =1  Sfr (CCAPM2  , 0xDC);   
 208      =1  Sfr (CCAP3H  , 0xFD);   
 209      =1  Sfr (CCAP3L  , 0xED);   
 210      =1  Sfr (CCAPM3  , 0xDD);   
 211      =1  Sfr (CCAP4H  , 0xFE);   
 212      =1  Sfr (CCAP4L  , 0xEE);   
 213      =1  Sfr (CCAPM4  , 0xDE);   
 214      =1  /* CCON */
 215      =1  Sbit (CF   , 0xD8, 7);
 216      =1  Sbit (CR   , 0xD8, 6);
 217      =1  
 218      =1  Sbit (CCF4   , 0xD8, 4);
 219      =1  Sbit (CCF3  , 0xD8, 3);
 220      =1  Sbit (CCF2  , 0xD8, 2);
 221      =1  Sbit (CCF1  , 0xD8, 1);
 222      =1  Sbit (CCF0  , 0xD8, 0);
 223      =1  
 224      =1  
 225      =1  /*------------------ T W I registers ------------------------------*/
 226      =1  Sfr ( SSCON , 0x93);
 227      =1  Sfr ( SSCS , 0x94);
 228      =1  Sfr ( SSDAT , 0x95);
 229      =1  Sfr ( SSADR , 0x96);
 230      =1  Sfr ( PI2	, 0xF8);	
 231      =1  Sbit (PI2_1  , 0xF8, 1);
 232      =1  Sbit (PI2_0  , 0xF8, 0);
 233      =1  
 234      =1  /*-------------------- OSC control registers ----------------------*/
 235      =1  Sfr ( CKSEL , 0x85 );
 236      =1  Sfr ( OSCCON , 0x86 );
 237      =1  Sfr ( CKRL , 0x97 );
 238      =1  
 239      =1  /*-------------------- Keyboard control registers -----------------*/
 240      =1  Sfr ( KBLS , 0x9C );
C51 COMPILER V6.14  TIMER                                                                  11/26/2005 20:58:56 PAGE 5   

 241      =1  Sfr ( KBE , 0x9D );
 242      =1  Sfr ( KBF , 0x9E );
 243      =1  /*-------------------- SPI ---------------------- -----------------*/
 244      =1  Sfr ( SPCON, 0xC3 );
 245      =1  Sfr ( SPSTA, 0xC4 );
 246      =1  Sfr ( SPDAT, 0xC5 );
 247      =1  
 248      =1  /*------ Misc ----------------------------------------------------*/
 249      =1  Sfr	( AUXR , 0x8E);
 250      =1  Sfr ( AUXR1, 0xA2);
 251      =1  Sfr ( FCON, 0xD1);
 252      =1  
 253      =1  
 254      =1  /*------ E data --------------------------------------------------*/
 255      =1  
 256      =1  Sfr ( EECON,  0xD2 );
   2          #include "timer.h"
   1      =1  void Init_Timer();
   2      =1  
   3          
   4          void Init_Timer()
   5          {
   6   1      
   7   1      	TMOD |= 0x02;    // 8-bit timer (8-bit autoload)
   8   1      	TH0 = 0x37;	// 200 microseconds
   9   1      	TL0 = TH0;
  10   1      	ET0 = 1;	
  11   1      	TR0 = 1;		// timer 0 start
  12   1      }
C51 COMPILER V6.14  TIMER                                                                  11/26/2005 20:58:56 PAGE 6   

NAME                                    CLASS   MSPACE  TYPE    OFFSET  SIZE
====                                    =====   ======  ====    ======  ====


CCF2 . . . . . . . . . . . . . . . . .  ABSBIT   -----  BIT      00DAH  1
CCF3 . . . . . . . . . . . . . . . . .  ABSBIT   -----  BIT      00DBH  1
CCF4 . . . . . . . . . . . . . . . . .  ABSBIT   -----  BIT      00DCH  1
AC . . . . . . . . . . . . . . . . . .  ABSBIT   -----  BIT      00D6H  1
T0 . . . . . . . . . . . . . . . . . .  ABSBIT   -----  BIT      00B4H  1
T1 . . . . . . . . . . . . . . . . . .  ABSBIT   -----  BIT      00B5H  1
EA . . . . . . . . . . . . . . . . . .  ABSBIT   -----  BIT      00AFH  1
EC . . . . . . . . . . . . . . . . . .  ABSBIT   -----  BIT      00AEH  1
CF . . . . . . . . . . . . . . . . . .  ABSBIT   -----  BIT      00DFH  1
FE . . . . . . . . . . . . . . . . . .  ABSBIT   -----  BIT      009FH  1
P0_0 . . . . . . . . . . . . . . . . .  ABSBIT   -----  BIT      0080H  1
P1_0 . . . . . . . . . . . . . . . . .  ABSBIT   -----  BIT      0090H  1
P0_1 . . . . . . . . . . . . . . . . .  ABSBIT   -----  BIT      0081H  1
P2_0 . . . . . . . . . . . . . . . . .  ABSBIT   -----  BIT      00A0H  1
P1_1 . . . . . . . . . . . . . . . . .  ABSBIT   -----  BIT      0091H  1
P0_2 . . . . . . . . . . . . . . . . .  ABSBIT   -----  BIT      0082H  1
P3_0 . . . . . . . . . . . . . . . . .  ABSBIT   -----  BIT      00B0H  1
P2_1 . . . . . . . . . . . . . . . . .  ABSBIT   -----  BIT      00A1H  1
P1_2 . . . . . . . . . . . . . . . . .  ABSBIT   -----  BIT      0092H  1
P0_3 . . . . . . . . . . . . . . . . .  ABSBIT   -----  BIT      0083H  1
P4_0 . . . . . . . . . . . . . . . . .  ABSBIT   -----  BIT      00C0H  1
P3_1 . . . . . . . . . . . . . . . . .  ABSBIT   -----  BIT      00B1H  1
P2_2 . . . . . . . . . . . . . . . . .  ABSBIT   -----  BIT      00A2H  1
P1_3 . . . . . . . . . . . . . . . . .  ABSBIT   -----  BIT      0093H  1
P0_4 . . . . . . . . . . . . . . . . .  ABSBIT   -----  BIT      0084H  1
CR . . . . . . . . . . . . . . . . . .  ABSBIT   -----  BIT      00DEH  1
P5_0 . . . . . . . . . . . . . . . . .  ABSBIT   -----  BIT      00E8H  1
P4_1 . . . . . . . . . . . . . . . . .  ABSBIT   -----  BIT      00C1H  1
P3_2 . . . . . . . . . . . . . . . . .  ABSBIT   -----  BIT      00B2H  1
P2_3 . . . . . . . . . . . . . . . . .  ABSBIT   -----  BIT      00A3H  1
P1_4 . . . . . . . . . . . . . . . . .  ABSBIT   -----  BIT      0094H  1
P0_5 . . . . . . . . . . . . . . . . .  ABSBIT   -----  BIT      0085H  1
EXF2 . . . . . . . . . . . . . . . . .  ABSBIT   -----  BIT      00CEH  1
P5_1 . . . . . . . . . . . . . . . . .  ABSBIT   -----  BIT      00E9H  1
P4_2 . . . . . . . . . . . . . . . . .  ABSBIT   -----  BIT      00C2H  1
RD . . . . . . . . . . . . . . . . . .  ABSBIT   -----  BIT      00B7H  1
P3_3 . . . . . . . . . . . . . . . . .  ABSBIT   -----  BIT      00B3H  1
P2_4 . . . . . . . . . . . . . . . . .  ABSBIT   -----  BIT      00A4H  1
P1_5 . . . . . . . . . . . . . . . . .  ABSBIT   -----  BIT      0095H  1
P0_6 . . . . . . . . . . . . . . . . .  ABSBIT   -----  BIT      0086H  1
P5_2 . . . . . . . . . . . . . . . . .  ABSBIT   -----  BIT      00EAH  1
P4_3 . . . . . . . . . . . . . . . . .  ABSBIT   -----  BIT      00C3H  1
P3_4 . . . . . . . . . . . . . . . . .  ABSBIT   -----  BIT      00B4H  1
P2_5 . . . . . . . . . . . . . . . . .  ABSBIT   -----  BIT      00A5H  1
P1_6 . . . . . . . . . . . . . . . . .  ABSBIT   -----  BIT      0096H  1
P0_7 . . . . . . . . . . . . . . . . .  ABSBIT   -----  BIT      0087H  1
ES . . . . . . . . . . . . . . . . . .  ABSBIT   -----  BIT      00ACH  1
P5_3 . . . . . . . . . . . . . . . . .  ABSBIT   -----  BIT      00EBH  1
P4_4 . . . . . . . . . . . . . . . . .  ABSBIT   -----  BIT      00C4H  1
P3_5 . . . . . . . . . . . . . . . . .  ABSBIT   -----  BIT      00B5H  1
P2_6 . . . . . . . . . . . . . . . . .  ABSBIT   -----  BIT      00A6H  1
P1_7 . . . . . . . . . . . . . . . . .  ABSBIT   -----  BIT      0097H  1
UD . . . . . . . . . . . . . . . . . .  ABSBIT   -----  BIT      00D1H  1
P5_4 . . . . . . . . . . . . . . . . .  ABSBIT   -----  BIT      00ECH  1
P4_5 . . . . . . . . . . . . . . . . .  ABSBIT   -----  BIT      00C5H  1
P3_6 . . . . . . . . . . . . . . . . .  ABSBIT   -----  BIT      00B6H  1
P2_7 . . . . . . . . . . . . . . . . .  ABSBIT   -----  BIT      00A7H  1
C51 COMPILER V6.14  TIMER                                                                  11/26/2005 20:58:56 PAGE 7   

NAME                                    CLASS   MSPACE  TYPE    OFFSET  SIZE
====                                    =====   ======  ====    ======  ====


P5_5 . . . . . . . . . . . . . . . . .  ABSBIT   -----  BIT      00EDH  1
P4_6 . . . . . . . . . . . . . . . . .  ABSBIT   -----  BIT      00C6H  1
P3_7 . . . . . . . . . . . . . . . . .  ABSBIT   -----  BIT      00B7H  1
RI . . . . . . . . . . . . . . . . . .  ABSBIT   -----  BIT      0098H  1
P5_6 . . . . . . . . . . . . . . . . .  ABSBIT   -----  BIT      00EEH  1
P4_7 . . . . . . . . . . . . . . . . .  ABSBIT   -----  BIT      00C7H  1
CY . . . . . . . . . . . . . . . . . .  ABSBIT   -----  BIT      00D7H  1
P5_7 . . . . . . . . . . . . . . . . .  ABSBIT   -----  BIT      00EFH  1
INT0 . . . . . . . . . . . . . . . . .  ABSBIT   -----  BIT      00B2H  1
TI . . . . . . . . . . . . . . . . . .  ABSBIT   -----  BIT      0099H  1
INT1 . . . . . . . . . . . . . . . . .  ABSBIT   -----  BIT      00B3H  1
OV . . . . . . . . . . . . . . . . . .  ABSBIT   -----  BIT      00D2H  1
C_T2 . . . . . . . . . . . . . . . . .  ABSBIT   -----  BIT      00C9H  1
WR . . . . . . . . . . . . . . . . . .  ABSBIT   -----  BIT      00B6H  1
RCLK . . . . . . . . . . . . . . . . .  ABSBIT   -----  BIT      00CDH  1
TCLK . . . . . . . . . . . . . . . . .  ABSBIT   -----  BIT      00CCH  1
TMOD . . . . . . . . . . . . . . . . .  SFR      DATA   U_CHAR   0089H  1
IE0. . . . . . . . . . . . . . . . . .  ABSBIT   -----  BIT      0089H  1
IE1. . . . . . . . . . . . . . . . . .  ABSBIT   -----  BIT      008BH  1
CP_RL2 . . . . . . . . . . . . . . . .  ABSBIT   -----  BIT      00C8H  1
ET0. . . . . . . . . . . . . . . . . .  ABSBIT   -----  BIT      00A9H  1
ET1. . . . . . . . . . . . . . . . . .  ABSBIT   -----  BIT      00ABH  1
TF0. . . . . . . . . . . . . . . . . .  ABSBIT   -----  BIT      008DH  1
ET2. . . . . . . . . . . . . . . . . .  ABSBIT   -----  BIT      00ADH  1
TF1. . . . . . . . . . . . . . . . . .  ABSBIT   -----  BIT      008FH  1
RB8. . . . . . . . . . . . . . . . . .  ABSBIT   -----  BIT      009AH  1
TH0. . . . . . . . . . . . . . . . . .  SFR      DATA   U_CHAR   008CH  1
TF2. . . . . . . . . . . . . . . . . .  ABSBIT   -----  BIT      00CFH  1
EX0. . . . . . . . . . . . . . . . . .  ABSBIT   -----  BIT      00A8H  1
IT0. . . . . . . . . . . . . . . . . .  ABSBIT   -----  BIT      0088H  1
EX1. . . . . . . . . . . . . . . . . .  ABSBIT   -----  BIT      00AAH  1
TB8. . . . . . . . . . . . . . . . . .  ABSBIT   -----  BIT      009BH  1
IT1. . . . . . . . . . . . . . . . . .  ABSBIT   -----  BIT      008AH  1
P. . . . . . . . . . . . . . . . . . .  ABSBIT   -----  BIT      00D0H  1
SM0. . . . . . . . . . . . . . . . . .  ABSBIT   -----  BIT      009FH  1
TL0. . . . . . . . . . . . . . . . . .  SFR      DATA   U_CHAR   008AH  1
SM1. . . . . . . . . . . . . . . . . .  ABSBIT   -----  BIT      009EH  1
SM2. . . . . . . . . . . . . . . . . .  ABSBIT   -----  BIT      009DH  1
RS0. . . . . . . . . . . . . . . . . .  ABSBIT   -----  BIT      00D3H  1
TR0. . . . . . . . . . . . . . . . . .  ABSBIT   -----  BIT      008CH  1
RS1. . . . . . . . . . . . . . . . . .  ABSBIT   -----  BIT      00D4H  1
TR1. . . . . . . . . . . . . . . . . .  ABSBIT   -----  BIT      008EH  1
TR2. . . . . . . . . . . . . . . . . .  ABSBIT   -----  BIT      00CAH  1
PI2_0. . . . . . . . . . . . . . . . .  ABSBIT   -----  BIT      00F8H  1
PI2_1. . . . . . . . . . . . . . . . .  ABSBIT   -----  BIT      00F9H  1
EXEN2. . . . . . . . . . . . . . . . .  ABSBIT   -----  BIT      00CBH  1
REN. . . . . . . . . . . . . . . . . .  ABSBIT   -----  BIT      009CH  1
RXD. . . . . . . . . . . . . . . . . .  ABSBIT   -----  BIT      00B0H  1
TXD. . . . . . . . . . . . . . . . . .  ABSBIT   -----  BIT      00B1H  1
F0 . . . . . . . . . . . . . . . . . .  ABSBIT   -----  BIT      00D5H  1
Init_Timer . . . . . . . . . . . . . .  PUBLIC   CODE   PROC     0000H  -----
CCF0 . . . . . . . . . . . . . . . . .  ABSBIT   -----  BIT      00D8H  1
CCF1 . . . . . . . . . . . . . . . . .  ABSBIT   -----  BIT      00D9H  1


MODULE INFORMATION:   STATIC OVERLAYABLE
   CODE SIZE        =     14    ----
   CONSTANT SIZE    =   ----    ----
C51 COMPILER V6.14  TIMER                                                                  11/26/2005 20:58:56 PAGE 8   

   XDATA SIZE       =   ----    ----
   PDATA SIZE       =   ----    ----
   DATA SIZE        =   ----    ----
   IDATA SIZE       =   ----    ----
   BIT SIZE         =   ----    ----
END OF MODULE INFORMATION.


C51 COMPILATION COMPLETE.  0 WARNING(S),  0 ERROR(S)
